Sample                      minishell						                            bash
'cat | cat | ls'            minishell: cat | cat | ls: command not found				cat | cat | ls: command not found   fixed
"ls | cat"                  minishell: ls | cat: command not found				        ls | cat: command not found         fixed
echo a"$NOTHING"$USER		asaleshin: command not found	                            asaleshin
<< LIM hola | adio << LIM2	hola: command not found			                            adio: command not found
hola						adio: command not found			                            hola: command not found
Mundo
LIM
Adios
LIM2
echo $                      heap-buffer-overflow            $
usr/bin/echo hello with unset path err 127 no err msg       newline

$nothign""Adios"$NADA"Holaa $nothign""Adios"$NADA"Hola

git Max https://github.com/Ziermax/minishell/blob/master/sources/executor_utils.c